interactions:
- request:
    body: null
    headers:
      Accept:
      - application/json
      Accept-Encoding:
      - gzip, deflate
      Connection:
      - keep-alive
      Content-Type:
      - application/json
      User-Agent:
      - python-requests/2.32.3
    method: GET
    uri: https://api.dynu.com/v2/dns/getroot/example.com
  response:
    body:
      string: '{"statusCode":200,"id":100373707,"domainName":"example.com","hostname":"example.com","node":""}'
    headers:
      Cache-Control:
      - no-store
      Connection:
      - close
      Content-Length:
      - '95'
      Content-Type:
      - application/json; charset=UTF-8
      Date:
      - Tue, 06 May 2025 18:36:37 GMT
      Pragma:
      - no-cache
      Server:
      - Dynu Web Server
      X-Powered-By:
      - Dynu Dynamic DNS Service
    status:
      code: 200
      message: OK
- request:
    body: null
    headers:
      Accept:
      - application/json
      Accept-Encoding:
      - gzip, deflate
      Connection:
      - keep-alive
      Content-Type:
      - application/json
      User-Agent:
      - python-requests/2.32.3
    method: GET
    uri: https://api.dynu.com/v2/dns
  response:
    body:
      string: '{"statusCode":200,"domains":[{"id":100373707,"name":"example.com","unicodeName":"example.com","token":"CSOMGFFULQJEBBNYVNQF","state":"Complete","group":"","ipv4Address":"120.196.114.45","ipv6Address":null,"ttl":60,"ipv4":true,"ipv6":true,"ipv4WildcardAlias":false,"ipv6WildcardAlias":false,"allowZoneTransfer":false,"dnssec":false,"createdOn":"2025-05-06T18:31:27","updatedOn":"2025-05-06T18:36:36"}]}'
    headers:
      Cache-Control:
      - no-store
      Connection:
      - close
      Content-Length:
      - '401'
      Content-Type:
      - application/json; charset=UTF-8
      Date:
      - Tue, 06 May 2025 18:36:37 GMT
      Pragma:
      - no-cache
      Server:
      - Dynu Web Server
      X-Powered-By:
      - Dynu Dynamic DNS Service
    status:
      code: 200
      message: OK
- request:
    body: null
    headers:
      Accept:
      - application/json
      Accept-Encoding:
      - gzip, deflate
      Connection:
      - keep-alive
      Content-Type:
      - application/json
      User-Agent:
      - python-requests/2.32.3
    method: GET
    uri: https://api.dynu.com/v2/dns/getroot/example.com
  response:
    body:
      string: '{"statusCode":200,"id":100373707,"domainName":"example.com","hostname":"example.com","node":""}'
    headers:
      Cache-Control:
      - no-store
      Connection:
      - close
      Content-Length:
      - '95'
      Content-Type:
      - application/json; charset=UTF-8
      Date:
      - Tue, 06 May 2025 18:36:37 GMT
      Pragma:
      - no-cache
      Server:
      - Dynu Web Server
      X-Powered-By:
      - Dynu Dynamic DNS Service
    status:
      code: 200
      message: OK
- request:
    body: '{"recordType": "TXT", "state": true, "nodeName": "_acme-challenge.createrecordset",
      "textData": "challengetoken1", "ttl": 3600}'
    headers:
      Accept:
      - application/json
      Accept-Encoding:
      - gzip, deflate
      Connection:
      - keep-alive
      Content-Length:
      - '127'
      Content-Type:
      - application/json
      User-Agent:
      - python-requests/2.32.3
    method: POST
    uri: https://api.dynu.com/v2/dns/100373707/record
  response:
    body:
      string: '{"statusCode":200,"id":13690817,"domainId":100373707,"domainName":"example.com","nodeName":"_acme-challenge.createrecordset","hostname":"_acme-challenge.createrecordset.example.com","recordType":"TXT","ttl":3600,"state":true,"content":"_acme-challenge.createrecordset.example.com.
        3600 IN TXT \"challengetoken1\"","updatedOn":"2025-05-06T18:36:37.237","textData":"challengetoken1"}'
    headers:
      Cache-Control:
      - no-store
      Connection:
      - close
      Content-Length:
      - '381'
      Content-Type:
      - application/json; charset=UTF-8
      Date:
      - Tue, 06 May 2025 18:36:37 GMT
      Pragma:
      - no-cache
      Server:
      - Dynu Web Server
      X-Powered-By:
      - Dynu Dynamic DNS Service
    status:
      code: 200
      message: OK
- request:
    body: null
    headers:
      Accept:
      - application/json
      Accept-Encoding:
      - gzip, deflate
      Connection:
      - keep-alive
      Content-Type:
      - application/json
      User-Agent:
      - python-requests/2.32.3
    method: GET
    uri: https://api.dynu.com/v2/dns/getroot/example.com
  response:
    body:
      string: '{"statusCode":200,"id":100373707,"domainName":"example.com","hostname":"example.com","node":""}'
    headers:
      Cache-Control:
      - no-store
      Connection:
      - close
      Content-Length:
      - '95'
      Content-Type:
      - application/json; charset=UTF-8
      Date:
      - Tue, 06 May 2025 18:36:37 GMT
      Pragma:
      - no-cache
      Server:
      - Dynu Web Server
      X-Powered-By:
      - Dynu Dynamic DNS Service
    status:
      code: 200
      message: OK
- request:
    body: '{"recordType": "TXT", "state": true, "nodeName": "_acme-challenge.createrecordset",
      "textData": "challengetoken2", "ttl": 3600}'
    headers:
      Accept:
      - application/json
      Accept-Encoding:
      - gzip, deflate
      Connection:
      - keep-alive
      Content-Length:
      - '127'
      Content-Type:
      - application/json
      User-Agent:
      - python-requests/2.32.3
    method: POST
    uri: https://api.dynu.com/v2/dns/100373707/record
  response:
    body:
      string: '{"statusCode":200,"id":13690818,"domainId":100373707,"domainName":"example.com","nodeName":"_acme-challenge.createrecordset","hostname":"_acme-challenge.createrecordset.example.com","recordType":"TXT","ttl":3600,"state":true,"content":"_acme-challenge.createrecordset.example.com.
        3600 IN TXT \"challengetoken2\"","updatedOn":"2025-05-06T18:36:37.58","textData":"challengetoken2"}'
    headers:
      Cache-Control:
      - no-store
      Connection:
      - close
      Content-Length:
      - '380'
      Content-Type:
      - application/json; charset=UTF-8
      Date:
      - Tue, 06 May 2025 18:36:37 GMT
      Pragma:
      - no-cache
      Server:
      - Dynu Web Server
      X-Powered-By:
      - Dynu Dynamic DNS Service
    status:
      code: 200
      message: OK
version: 1
