interactions:
- request:
    body: null
    headers:
      Accept:
      - application/json
      Accept-Encoding:
      - gzip, deflate
      Connection:
      - keep-alive
      Content-Type:
      - application/json
      User-Agent:
      - lexicon/3.21.1 desec
    method: GET
    uri: https://desec.io/api/v1/domains/example.online/
  response:
    body:
      string: '{}'
    headers:
      Allow:
      - GET, DELETE, HEAD, OPTIONS
      Cache-Control:
      - no-cache
      Connection:
      - keep-alive
      Content-Length:
      - '524'
      Content-Type:
      - application/json
      Date:
      - Tue, 14 Oct 2025 21:31:20 GMT
      Expires:
      - Thu, 01 Jan 1970 00:00:01 GMT
      Server:
      - nginx
      Strict-Transport-Security:
      - max-age=31536000; includeSubDomains; preload
      Vary:
      - origin
    status:
      code: 200
      message: OK
- request:
    body: null
    headers:
      Accept:
      - application/json
      Accept-Encoding:
      - gzip, deflate
      Connection:
      - keep-alive
      Content-Type:
      - application/json
      User-Agent:
      - lexicon/3.21.1 desec
    method: GET
    uri: https://desec.io/api/v1/domains/example.online/rrsets//?type=TXT&subname=_acme-challenge.deleterecordinset
  response:
    body:
      string: '{}'
    headers:
      Allow:
      - GET, POST, PUT, PATCH, HEAD, OPTIONS
      Cache-Control:
      - no-cache
      Connection:
      - keep-alive
      Content-Length:
      - '272'
      Content-Type:
      - application/json
      Date:
      - Tue, 14 Oct 2025 21:31:21 GMT
      Expires:
      - Thu, 01 Jan 1970 00:00:01 GMT
      Server:
      - nginx
      Strict-Transport-Security:
      - max-age=31536000; includeSubDomains; preload
      Vary:
      - origin
    status:
      code: 200
      message: OK
- request:
    body: '{"created": "2025-10-13T13:15:57.962806Z", "domain": "example.online",
      "subname": "_acme-challenge.deleterecordinset", "name": "_acme-challenge.deleterecordinset.example.online.",
      "records": ["\"challengetoken2\"", "\"challengetoken1\""], "ttl": 3600, "type":
      "TXT", "touched": "2025-10-14T20:05:02.599652Z"}'
    headers:
      Accept:
      - application/json
      Accept-Encoding:
      - gzip, deflate
      Connection:
      - keep-alive
      Content-Length:
      - '308'
      Content-Type:
      - application/json
      User-Agent:
      - lexicon/3.21.1 desec
    method: PATCH
    uri: https://desec.io/api/v1/domains/example.online/rrsets/_acme-challenge.deleterecordinset/TXT/
  response:
    body:
      string: '{"detail":"Request was throttled. Expected available in 1 second."}'
    headers:
      Allow:
      - GET, PUT, PATCH, DELETE, HEAD, OPTIONS
      Connection:
      - keep-alive
      Content-Length:
      - '67'
      Content-Type:
      - application/json
      Date:
      - Tue, 14 Oct 2025 21:31:21 GMT
      Retry-After:
      - '1'
      Server:
      - nginx
      Strict-Transport-Security:
      - max-age=31536000; includeSubDomains; preload
      Vary:
      - origin
    status:
      code: 429
      message: Too Many Requests
- request:
    body: '{"created": "2025-10-13T13:15:57.962806Z", "domain": "example.online",
      "subname": "_acme-challenge.deleterecordinset", "name": "_acme-challenge.deleterecordinset.example.online.",
      "records": ["\"challengetoken2\"", "\"challengetoken1\""], "ttl": 3600, "type":
      "TXT", "touched": "2025-10-14T20:05:02.599652Z"}'
    headers:
      Accept:
      - application/json
      Accept-Encoding:
      - gzip, deflate
      Connection:
      - keep-alive
      Content-Length:
      - '308'
      Content-Type:
      - application/json
      User-Agent:
      - lexicon/3.21.1 desec
    method: PATCH
    uri: https://desec.io/api/v1/domains/example.online/rrsets/_acme-challenge.deleterecordinset/TXT/
  response:
    body:
      string: '{}'
    headers:
      Allow:
      - GET, PUT, PATCH, DELETE, HEAD, OPTIONS
      Cache-Control:
      - no-cache
      Connection:
      - keep-alive
      Content-Length:
      - '292'
      Content-Type:
      - application/json
      Date:
      - Tue, 14 Oct 2025 21:31:22 GMT
      Expires:
      - Thu, 01 Jan 1970 00:00:01 GMT
      Server:
      - nginx
      Strict-Transport-Security:
      - max-age=31536000; includeSubDomains; preload
      Vary:
      - origin
    status:
      code: 200
      message: OK
- request:
    body: null
    headers:
      Accept:
      - application/json
      Accept-Encoding:
      - gzip, deflate
      Connection:
      - keep-alive
      Content-Type:
      - application/json
      User-Agent:
      - lexicon/3.21.1 desec
    method: GET
    uri: https://desec.io/api/v1/domains/example.online/rrsets//?type=TXT&subname=_acme-challenge.deleterecordinset
  response:
    body:
      string: '{}'
    headers:
      Allow:
      - GET, POST, PUT, PATCH, HEAD, OPTIONS
      Cache-Control:
      - no-cache
      Connection:
      - keep-alive
      Content-Length:
      - '294'
      Content-Type:
      - application/json
      Date:
      - Tue, 14 Oct 2025 21:31:22 GMT
      Expires:
      - Thu, 01 Jan 1970 00:00:01 GMT
      Server:
      - nginx
      Strict-Transport-Security:
      - max-age=31536000; includeSubDomains; preload
      Vary:
      - origin
    status:
      code: 200
      message: OK
- request:
    body: null
    headers:
      Accept:
      - application/json
      Accept-Encoding:
      - gzip, deflate
      Connection:
      - keep-alive
      Content-Type:
      - application/json
      User-Agent:
      - lexicon/3.21.1 desec
    method: GET
    uri: https://desec.io/api/v1/domains/example.online/rrsets//?type=TXT&subname=_acme-challenge.deleterecordinset
  response:
    body:
      string: '{}'
    headers:
      Allow:
      - GET, POST, PUT, PATCH, HEAD, OPTIONS
      Cache-Control:
      - no-cache
      Connection:
      - keep-alive
      Content-Length:
      - '294'
      Content-Type:
      - application/json
      Date:
      - Tue, 14 Oct 2025 21:31:22 GMT
      Expires:
      - Thu, 01 Jan 1970 00:00:01 GMT
      Server:
      - nginx
      Strict-Transport-Security:
      - max-age=31536000; includeSubDomains; preload
      Vary:
      - origin
    status:
      code: 200
      message: OK
- request:
    body: '{"created": "2025-10-13T13:15:57.962806Z", "domain": "example.online",
      "subname": "_acme-challenge.deleterecordinset", "name": "_acme-challenge.deleterecordinset.example.online.",
      "records": ["\"challengetoken2\""], "ttl": 3600, "type": "TXT", "touched": "2025-10-14T21:31:22.267295Z"}'
    headers:
      Accept:
      - application/json
      Accept-Encoding:
      - gzip, deflate
      Connection:
      - keep-alive
      Content-Length:
      - '285'
      Content-Type:
      - application/json
      User-Agent:
      - lexicon/3.21.1 desec
    method: PATCH
    uri: https://desec.io/api/v1/domains/example.online/rrsets/_acme-challenge.deleterecordinset/TXT/
  response:
    body:
      string: '{}'
    headers:
      Allow:
      - GET, PUT, PATCH, DELETE, HEAD, OPTIONS
      Cache-Control:
      - no-cache
      Connection:
      - keep-alive
      Content-Length:
      - '270'
      Content-Type:
      - application/json
      Date:
      - Tue, 14 Oct 2025 21:31:22 GMT
      Expires:
      - Thu, 01 Jan 1970 00:00:01 GMT
      Server:
      - nginx
      Strict-Transport-Security:
      - max-age=31536000; includeSubDomains; preload
      Vary:
      - origin
    status:
      code: 200
      message: OK
- request:
    body: null
    headers:
      Accept:
      - application/json
      Accept-Encoding:
      - gzip, deflate
      Connection:
      - keep-alive
      Content-Type:
      - application/json
      User-Agent:
      - lexicon/3.21.1 desec
    method: GET
    uri: https://desec.io/api/v1/domains/example.online/rrsets//?type=TXT&subname=_acme-challenge.deleterecordinset
  response:
    body:
      string: '{}'
    headers:
      Allow:
      - GET, POST, PUT, PATCH, HEAD, OPTIONS
      Cache-Control:
      - no-cache
      Connection:
      - keep-alive
      Content-Length:
      - '272'
      Content-Type:
      - application/json
      Date:
      - Tue, 14 Oct 2025 21:31:22 GMT
      Expires:
      - Thu, 01 Jan 1970 00:00:01 GMT
      Server:
      - nginx
      Strict-Transport-Security:
      - max-age=31536000; includeSubDomains; preload
      Vary:
      - origin
    status:
      code: 200
      message: OK
version: 1
